2026-09-04 08:01:12 INFO Application started successfully
2026-09-04 08:02:03 INFO Database connection established
2026-09-04 08:03:15 INFO Configuration loaded
2026-09-04 08:05:21 WARNING High memory usage detected: 72%
2026-09-04 08:06:04 INFO User authentication service started
2026-09-04 08:08:17 ERROR Failed to connect to payment service
2026-09-04 08:09:33 INFO Retrying payment service connection
2026-09-04 08:10:42 WARNING Response time exceeded 2 seconds
2026-09-04 08:12:11 INFO Payment service connection restored
2026-09-04 08:14:27 ERROR Database query failed for customer 1042
2026-09-04 08:15:08 INFO Query retry initiated
2026-09-04 08:16:45 INFO Query completed successfully
2026-09-04 08:18:19 WARNING Disk usage reached 78%
2026-09-04 08:20:31 INFO Backup process started
2026-09-04 08:22:10 ERROR Backup destination unavailable
2026-09-04 08:23:44 INFO Backup process retrying
2026-09-04 08:25:02 WARNING Backup taking longer than expected
2026-09-04 08:27:18 INFO Backup completed
2026-09-04 08:29:51 ERROR Authentication service timeout
2026-09-04 08:31:07 INFO Authentication service restarted
2026-09-04 08:33:29 INFO Health check completed
2026-09-04 08:35:14 WARNING CPU utilization reached 81%
2026-09-04 08:36:55 ERROR API request failed with HTTP 500
2026-09-04 08:38:20 INFO API recovered
2026-09-04 08:40:03 INFO Scheduled job started
2026-09-04 08:41:27 ERROR Scheduled job failed
2026-09-04 08:42:16 WARNING Job queue length is high
2026-09-04 08:44:39 INFO Scheduled job retry started
2026-09-04 08:46:05 INFO Scheduled job completed
2026-09-04 08:48:22 WARNING Network latency is high
2026-09-04 08:50:11 INFO Monitoring agent heartbeat received
2026-09-04 08:52:43 ERROR Service dependency unavailable
2026-09-04 08:54:09 INFO Dependency connection restored
2026-09-04 08:56:31 WARNING Thread pool utilization reached 85%
2026-09-04 08:58:17 INFO Application health check passed
2026-09-04 09:00:45 ERROR Unexpected application exception
2026-09-04 09:02:12 INFO Exception handler completed
2026-09-04 09:04:33 WARNING Temporary storage usage reached 80%
2026-09-04 09:06:51 INFO Cleanup process started
2026-09-04 09:08:14 INFO Cleanup process completed
2026-09-04 09:10:27 ERROR External API request failed
2026-09-04 09:12:08 INFO External API retry successful
